#
# There is insufficient memory for the Java Runtime Environment to continue.
# Native memory allocation (malloc) failed to allocate 480320 bytes for Chunk::new
# Possible reasons:
#   The system is out of physical RAM or swap space
#   The process is running with CompressedOops enabled, and the Java Heap may be blocking the growth of the native heap
# Possible solutions:
#   Reduce memory load on the system
#   Increase physical memory or swap space
#   Check if swap backing store is full
#   Decrease Java heap size (-Xmx/-Xms)
#   Decrease number of Java threads
#   Decrease Java thread stack sizes (-Xss)
#   Set larger code cache with -XX:ReservedCodeCacheSize=
#   JVM is running with Unscaled Compressed Oops mode in which the Java heap is
#     placed in the first 4GB address space. The Java Heap base address is the
#     maximum limit for the native heap growth. Please use -XX:HeapBaseMinAddress
#     to set the Java Heap base and to place the Java Heap above 4GB virtual address.
# This output file may be truncated or incomplete.
#
#  Out of Memory Error (arena.cpp:189), pid=5948, tid=20332
#
# JRE version: OpenJDK Runtime Environment Temurin-17.0.4+8 (17.0.4+8) (build 17.0.4+8)
# Java VM: OpenJDK 64-Bit Server VM Temurin-17.0.4+8 (17.0.4+8, mixed mode, sharing, tiered, compressed oops, compressed class ptrs, g1 gc, windows-amd64)
# No core dump will be written. Minidumps are not enabled by default on client versions of Windows
#

---------------  S U M M A R Y ------------

Command Line: -javaagent:C:\Users\giris\AppData\Local\Programs\IntelliJ IDEA Community Edition\lib\idea_rt.jar=61011:C:\Users\giris\AppData\Local\Programs\IntelliJ IDEA Community Edition\bin -Dfile.encoding=UTF-8 com.tulika.eventbooking.EventBookingApplication

Host: Intel(R) Core(TM) i3-1005G1 CPU @ 1.20GHz, 4 cores, 3G,  Windows 11 , 64 bit Build 26100 (10.0.26100.8246)
Time: Fri May  1 07:12:59 2026 India Standard Time elapsed time: 28419.300007 seconds (0d 7h 53m 39s)

---------------  T H R E A D  ---------------

Current thread (0x000001a975a6d190):  JavaThread "C2 CompilerThread0" daemon [_thread_in_native, id=20332, stack(0x0000005335200000,0x0000005335300000)]


Current CompileTask:
C2:28419301 8878 %     4       java.text.MessageFormat::applyPattern @ 34 (422 bytes)

Stack: [0x0000005335200000,0x0000005335300000]
Native frames: (J=compiled Java code, j=interpreted, Vv=VM code, C=native code)
V  [jvm.dll+0x67733a]
V  [jvm.dll+0x8323c4]
V  [jvm.dll+0x833b6e]
V  [jvm.dll+0x8341d3]
V  [jvm.dll+0x2455e5]
V  [jvm.dll+0xabd7b]
V  [jvm.dll+0xac30c]
V  [jvm.dll+0x363a77]
V  [jvm.dll+0x32de81]
V  [jvm.dll+0x32d32a]
V  [jvm.dll+0x2184d1]
V  [jvm.dll+0x2178f1]
V  [jvm.dll+0x1a3f8d]
V  [jvm.dll+0x227308]
V  [jvm.dll+0x225455]
V  [jvm.dll+0x7e7eeb]
V  [jvm.dll+0x7e245a]
V  [jvm.dll+0x6761c5]
C  [ucrtbase.dll+0x37b0]
C  [KERNEL32.DLL+0x2e8d7]
C  [ntdll.dll+0x8c3fc]


---------------  P R O C E S S  ---------------

Threads class SMR info:
_java_thread_list=0x000001a97b3c3d00, length=33, elements={
0x000001a975a55350, 0x000001a975a566a0, 0x000001a975a697d0, 0x000001a975a6a090,
0x000001a975a6ba50, 0x000001a975a6c400, 0x000001a975a6d190, 0x000001a975abfdf0,
0x000001a975ae4690, 0x000001a975a4c0d0, 0x000001a9769068f0, 0x000001a976906dc0,
0x000001a977ba4860, 0x000001a977ba2b80, 0x000001a977ba39f0, 0x000001a977ba4d30,
0x000001a977ba1370, 0x000001a977ba1d10, 0x000001a97bbcfa00, 0x000001a97bbd2080,
0x000001a97bbd2550, 0x000001a97bbcfed0, 0x000001a97bbcf060, 0x000001a97bbd1bb0,
0x000001a97bbd2a20, 0x000001a97bbcf530, 0x000001a97bbd16e0, 0x000001a97bbd03a0,
0x000001a97bbd0870, 0x000001a97bbd0d40, 0x000001a97bbd1210, 0x000001a977ba21e0,
0x000001a977cf37c0
}

Java Threads: ( => current thread )
  0x000001a975a55350 JavaThread "Reference Handler" daemon [_thread_blocked, id=18092, stack(0x0000005334c00000,0x0000005334d00000)]
  0x000001a975a566a0 JavaThread "Finalizer" daemon [_thread_blocked, id=13440, stack(0x0000005334d00000,0x0000005334e00000)]
  0x000001a975a697d0 JavaThread "Signal Dispatcher" daemon [_thread_blocked, id=6376, stack(0x0000005334e00000,0x0000005334f00000)]
  0x000001a975a6a090 JavaThread "Attach Listener" daemon [_thread_blocked, id=8396, stack(0x0000005334f00000,0x0000005335000000)]
  0x000001a975a6ba50 JavaThread "Service Thread" daemon [_thread_blocked, id=12604, stack(0x0000005335000000,0x0000005335100000)]
  0x000001a975a6c400 JavaThread "Monitor Deflation Thread" daemon [_thread_blocked, id=5352, stack(0x0000005335100000,0x0000005335200000)]
=>0x000001a975a6d190 JavaThread "C2 CompilerThread0" daemon [_thread_in_native, id=20332, stack(0x0000005335200000,0x0000005335300000)]
  0x000001a975abfdf0 JavaThread "C1 CompilerThread0" daemon [_thread_blocked, id=17340, stack(0x0000005335300000,0x0000005335400000)]
  0x000001a975ae4690 JavaThread "Sweeper thread" daemon [_thread_blocked, id=20644, stack(0x0000005335400000,0x0000005335500000)]
  0x000001a975a4c0d0 JavaThread "Common-Cleaner" daemon [_thread_blocked, id=20304, stack(0x0000005335500000,0x0000005335600000)]
  0x000001a9769068f0 JavaThread "Monitor Ctrl-Break" daemon [_thread_in_native, id=1296, stack(0x0000005335600000,0x0000005335700000)]
  0x000001a976906dc0 JavaThread "Notification Thread" daemon [_thread_blocked, id=13576, stack(0x0000005335700000,0x0000005335800000)]
  0x000001a977ba4860 JavaThread "Catalina-utility-1" [_thread_blocked, id=20420, stack(0x0000005336000000,0x0000005336100000)]
  0x000001a977ba2b80 JavaThread "Catalina-utility-2" [_thread_blocked, id=11052, stack(0x0000005336100000,0x0000005336200000)]
  0x000001a977ba39f0 JavaThread "container-0" [_thread_blocked, id=10440, stack(0x0000005336200000,0x0000005336300000)]
  0x000001a977ba4d30 JavaThread "mysql-cj-abandoned-connection-cleanup" daemon [_thread_blocked, id=19636, stack(0x0000005336300000,0x0000005336400000)]
  0x000001a977ba1370 JavaThread "HikariPool-1:housekeeper" daemon [_thread_blocked, id=20224, stack(0x0000005336500000,0x0000005336600000)]
  0x000001a977ba1d10 JavaThread "File Watcher" daemon [_thread_blocked, id=10960, stack(0x0000005336800000,0x0000005336900000)]
  0x000001a97bbcfa00 JavaThread "Live Reload Server" daemon [_thread_in_native, id=18232, stack(0x0000005336a00000,0x0000005336b00000)]
  0x000001a97bbd2080 JavaThread "http-nio-8081-exec-1" daemon [_thread_blocked, id=19364, stack(0x0000005336900000,0x0000005336a00000)]
  0x000001a97bbd2550 JavaThread "http-nio-8081-exec-2" daemon [_thread_blocked, id=9336, stack(0x0000005336b00000,0x0000005336c00000)]
  0x000001a97bbcfed0 JavaThread "http-nio-8081-exec-3" daemon [_thread_blocked, id=9808, stack(0x0000005336c00000,0x0000005336d00000)]
  0x000001a97bbcf060 JavaThread "http-nio-8081-exec-4" daemon [_thread_blocked, id=5404, stack(0x0000005336d00000,0x0000005336e00000)]
  0x000001a97bbd1bb0 JavaThread "http-nio-8081-exec-5" daemon [_thread_blocked, id=10868, stack(0x0000005336e00000,0x0000005336f00000)]
  0x000001a97bbd2a20 JavaThread "http-nio-8081-exec-6" daemon [_thread_blocked, id=11700, stack(0x0000005336f00000,0x0000005337000000)]
  0x000001a97bbcf530 JavaThread "http-nio-8081-exec-7" daemon [_thread_blocked, id=14676, stack(0x0000005337000000,0x0000005337100000)]
  0x000001a97bbd16e0 JavaThread "http-nio-8081-exec-8" daemon [_thread_blocked, id=13384, stack(0x0000005337100000,0x0000005337200000)]
  0x000001a97bbd03a0 JavaThread "http-nio-8081-exec-9" daemon [_thread_blocked, id=7820, stack(0x0000005337200000,0x0000005337300000)]
  0x000001a97bbd0870 JavaThread "http-nio-8081-exec-10" daemon [_thread_blocked, id=16904, stack(0x0000005337300000,0x0000005337400000)]
  0x000001a97bbd0d40 JavaThread "http-nio-8081-Poller" daemon [_thread_in_native, id=328, stack(0x0000005337400000,0x0000005337500000)]
  0x000001a97bbd1210 JavaThread "http-nio-8081-Acceptor" daemon [_thread_in_native, id=17460, stack(0x0000005337500000,0x0000005337600000)]
  0x000001a977ba21e0 JavaThread "DestroyJavaVM" [_thread_blocked, id=15664, stack(0x0000005334500000,0x0000005334600000)]
  0x000001a977cf37c0 JavaThread "HikariPool-1:connection-adder" daemon [_thread_blocked, id=18196, stack(0x0000005334200000,0x0000005334300000)]

Other Threads:
  0x000001a9697be300 VMThread "VM Thread" [stack: 0x0000005334b00000,0x0000005334c00000] [id=5952]
  0x000001a97675d000 WatcherThread [stack: 0x0000005335800000,0x0000005335900000] [id=20528]
  0x000001a969736d00 GCTaskThread "GC Thread#0" [stack: 0x0000005334600000,0x0000005334700000] [id=19476]
  0x000001a976b897f0 GCTaskThread "GC Thread#1" [stack: 0x0000005335900000,0x0000005335a00000] [id=14328]
  0x000001a976b377a0 GCTaskThread "GC Thread#2" [stack: 0x0000005335a00000,0x0000005335b00000] [id=19876]
  0x000001a976b800e0 GCTaskThread "GC Thread#3" [stack: 0x0000005335b00000,0x0000005335c00000] [id=18928]
  0x000001a96973f500 ConcurrentGCThread "G1 Main Marker" [stack: 0x0000005334700000,0x0000005334800000] [id=6204]
  0x000001a96973ff10 ConcurrentGCThread "G1 Conc#0" [stack: 0x0000005334800000,0x0000005334900000] [id=20800]
  0x000001a969783900 ConcurrentGCThread "G1 Refine#0" [stack: 0x0000005334900000,0x0000005334a00000] [id=5756]
  0x000001a979064b90 ConcurrentGCThread "G1 Refine#1" [stack: 0x0000005335e00000,0x0000005335f00000] [id=10872]
  0x000001a977c6c470 ConcurrentGCThread "G1 Refine#2" [stack: 0x0000005335f00000,0x0000005336000000] [id=2624]
  0x000001a969785330 ConcurrentGCThread "G1 Service" [stack: 0x0000005334a00000,0x0000005334b00000] [id=18468]

Threads with active compile tasks:
C2 CompilerThread0  28419506 8878 %     4       java.text.MessageFormat::applyPattern @ 34 (422 bytes)

VM state: not at safepoint (normal execution)

VM Mutex/Monitor currently owned by a thread: None

OutOfMemory and StackOverflow Exception counts:
OutOfMemoryError java_heap_errors=1
LinkageErrors=146

Heap address: 0x00000000c3a00000, size: 966 MB, Compressed Oops mode: 32-bit

CDS archive(s) mapped at: [0x0000000800000000-0x0000000800bc0000-0x0000000800bc0000), size 12320768, SharedBaseAddress: 0x0000000800000000, ArchiveRelocationMode: 0.
Compressed class space mapped at: 0x0000000800c00000-0x0000000840c00000, reserved size: 1073741824
Narrow klass base: 0x0000000800000000, Narrow klass shift: 0, Narrow klass range: 0x100000000

GC Precious Log:
 CPUs: 4 total, 4 available
 Memory: 3863M
 Large Page Support: Disabled
 NUMA Support: Disabled
 Compressed Oops: Enabled (32-bit)
 Heap Region Size: 1M
 Heap Min Capacity: 8M
 Heap Initial Capacity: 62M
 Heap Max Capacity: 966M
 Pre-touch: Disabled
 Parallel Workers: 4
 Concurrent Workers: 1
 Concurrent Refinement Workers: 4
 Periodic GC: Disabled

Heap:
 garbage-first heap   total 78848K, used 52116K [0x00000000c3a00000, 0x0000000100000000)
  region size 1024K, 23 young (23552K), 1 survivors (1024K)
 Metaspace       used 81871K, committed 82688K, reserved 1122304K
  class space    used 11137K, committed 11456K, reserved 1048576K

Heap Regions: E=young(eden), S=young(survivor), O=old, HS=humongous(starts), HC=humongous(continues), CS=collection set, F=free, OA=open archive, CA=closed archive, TAMS=top-at-mark-start (previous, next)
|   0|0x00000000c3a00000, 0x00000000c3b00000, 0x00000000c3b00000|100%|HS|  |TAMS 0x00000000c3b00000, 0x00000000c3a00000| Complete 
|   1|0x00000000c3b00000, 0x00000000c3c00000, 0x00000000c3c00000|100%|HS|  |TAMS 0x00000000c3c00000, 0x00000000c3b00000| Complete 
|   2|0x00000000c3c00000, 0x00000000c3d00000, 0x00000000c3d00000|100%| O|  |TAMS 0x00000000c3d00000, 0x00000000c3c00000| Untracked 
|   3|0x00000000c3d00000, 0x00000000c3e00000, 0x00000000c3e00000|100%| O|  |TAMS 0x00000000c3e00000, 0x00000000c3d00000| Untracked 
|   4|0x00000000c3e00000, 0x00000000c3f00000, 0x00000000c3f00000|100%| O|  |TAMS 0x00000000c3f00000, 0x00000000c3e00000| Untracked 
|   5|0x00000000c3f00000, 0x00000000c4000000, 0x00000000c4000000|100%| O|  |TAMS 0x00000000c4000000, 0x00000000c3f00000| Untracked 
|   6|0x00000000c4000000, 0x00000000c4100000, 0x00000000c4100000|100%| O|  |TAMS 0x00000000c4100000, 0x00000000c4000000| Untracked 
|   7|0x00000000c4100000, 0x00000000c4200000, 0x00000000c4200000|100%| O|  |TAMS 0x00000000c4200000, 0x00000000c4100000| Untracked 
|   8|0x00000000c4200000, 0x00000000c4300000, 0x00000000c4300000|100%| O|  |TAMS 0x00000000c4300000, 0x00000000c4200000| Untracked 
|   9|0x00000000c4300000, 0x00000000c4400000, 0x00000000c4400000|100%| O|  |TAMS 0x00000000c4400000, 0x00000000c4300000| Untracked 
|  10|0x00000000c4400000, 0x00000000c4500000, 0x00000000c4500000|100%| O|  |TAMS 0x00000000c4500000, 0x00000000c4400000| Untracked 
|  11|0x00000000c4500000, 0x00000000c4600000, 0x00000000c4600000|100%| O|  |TAMS 0x00000000c4600000, 0x00000000c4500000| Untracked 
|  12|0x00000000c4600000, 0x00000000c4700000, 0x00000000c4700000|100%| O|  |TAMS 0x00000000c4700000, 0x00000000c4600000| Untracked 
|  13|0x00000000c4700000, 0x00000000c4800000, 0x00000000c4800000|100%| O|  |TAMS 0x00000000c4800000, 0x00000000c4700000| Untracked 
|  14|0x00000000c4800000, 0x00000000c4900000, 0x00000000c4900000|100%| O|  |TAMS 0x00000000c4900000, 0x00000000c4800000| Untracked 
|  15|0x00000000c4900000, 0x00000000c4a00000, 0x00000000c4a00000|100%| O|  |TAMS 0x00000000c4a00000, 0x00000000c4900000| Untracked 
|  16|0x00000000c4a00000, 0x00000000c4b00000, 0x00000000c4b00000|100%| O|  |TAMS 0x00000000c4b00000, 0x00000000c4a00000| Untracked 
|  17|0x00000000c4b00000, 0x00000000c4c00000, 0x00000000c4c00000|100%| O|  |TAMS 0x00000000c4c00000, 0x00000000c4b00000| Untracked 
|  18|0x00000000c4c00000, 0x00000000c4cc2200, 0x00000000c4d00000| 75%| O|  |TAMS 0x00000000c4c00000, 0x00000000c4c00000| Untracked 
|  19|0x00000000c4d00000, 0x00000000c4e00000, 0x00000000c4e00000|100%| O|  |TAMS 0x00000000c4d58400, 0x00000000c4d00000| Untracked 
|  20|0x00000000c4e00000, 0x00000000c4f00000, 0x00000000c4f00000|100%| O|  |TAMS 0x00000000c4f00000, 0x00000000c4e00000| Untracked 
|  21|0x00000000c4f00000, 0x00000000c5000000, 0x00000000c5000000|100%| O|  |TAMS 0x00000000c5000000, 0x00000000c4f00000| Untracked 
|  22|0x00000000c5000000, 0x00000000c5000000, 0x00000000c5100000|  0%| F|  |TAMS 0x00000000c5000000, 0x00000000c5000000| Untracked 
|  23|0x00000000c5100000, 0x00000000c5200000, 0x00000000c5200000|100%| O|  |TAMS 0x00000000c5200000, 0x00000000c5100000| Untracked 
|  24|0x00000000c5200000, 0x00000000c5200000, 0x00000000c5300000|  0%| F|  |TAMS 0x00000000c5200000, 0x00000000c5200000| Untracked 
|  25|0x00000000c5300000, 0x00000000c5400000, 0x00000000c5400000|100%| O|  |TAMS 0x00000000c5400000, 0x00000000c5300000| Untracked 
|  26|0x00000000c5400000, 0x00000000c5500000, 0x00000000c5500000|100%| O|  |TAMS 0x00000000c5500000, 0x00000000c5400000| Untracked 
|  27|0x00000000c5500000, 0x00000000c5500000, 0x00000000c5600000|  0%| F|  |TAMS 0x00000000c5500000, 0x00000000c5500000| Untracked 
|  28|0x00000000c5600000, 0x00000000c5600000, 0x00000000c5700000|  0%| F|  |TAMS 0x00000000c5600000, 0x00000000c5600000| Untracked 
|  29|0x00000000c5700000, 0x00000000c5700000, 0x00000000c5800000|  0%| F|  |TAMS 0x00000000c5700000, 0x00000000c5700000| Untracked 
|  30|0x00000000c5800000, 0x00000000c5800000, 0x00000000c5900000|  0%| F|  |TAMS 0x00000000c5800000, 0x00000000c5800000| Untracked 
|  31|0x00000000c5900000, 0x00000000c5900000, 0x00000000c5a00000|  0%| F|  |TAMS 0x00000000c5900000, 0x00000000c5900000| Untracked 
|  32|0x00000000c5a00000, 0x00000000c5b00000, 0x00000000c5b00000|100%| O|  |TAMS 0x00000000c5b00000, 0x00000000c5a00000| Untracked 
|  33|0x00000000c5b00000, 0x00000000c5c00000, 0x00000000c5c00000|100%| O|  |TAMS 0x00000000c5c00000, 0x00000000c5b00000| Untracked 
|  34|0x00000000c5c00000, 0x00000000c5d00000, 0x00000000c5d00000|100%| O|  |TAMS 0x00000000c5d00000, 0x00000000c5c00000| Untracked 
|  35|0x00000000c5d00000, 0x00000000c5e00000, 0x00000000c5e00000|100%| O|  |TAMS 0x00000000c5e00000, 0x00000000c5d00000| Untracked 
|  36|0x00000000c5e00000, 0x00000000c5f00000, 0x00000000c5f00000|100%| O|  |TAMS 0x00000000c5f00000, 0x00000000c5e00000| Untracked 
|  37|0x00000000c5f00000, 0x00000000c6000000, 0x00000000c6000000|100%| O|  |TAMS 0x00000000c6000000, 0x00000000c5f00000| Untracked 
|  38|0x00000000c6000000, 0x00000000c6000000, 0x00000000c6100000|  0%| F|  |TAMS 0x00000000c6000000, 0x00000000c6000000| Untracked 
|  39|0x00000000c6100000, 0x00000000c6100000, 0x00000000c6200000|  0%| F|  |TAMS 0x00000000c6100000, 0x00000000c6100000| Untracked 
|  40|0x00000000c6200000, 0x00000000c6200000, 0x00000000c6300000|  0%| F|  |TAMS 0x00000000c6200000, 0x00000000c6200000| Untracked 
|  41|0x00000000c6300000, 0x00000000c6300000, 0x00000000c6400000|  0%| F|  |TAMS 0x00000000c6300000, 0x00000000c6300000| Untracked 
|  42|0x00000000c6400000, 0x00000000c6400000, 0x00000000c6500000|  0%| F|  |TAMS 0x00000000c6400000, 0x00000000c6400000| Untracked 
|  43|0x00000000c6500000, 0x00000000c6500000, 0x00000000c6600000|  0%| F|  |TAMS 0x00000000c6500000, 0x00000000c6500000| Untracked 
|  44|0x00000000c6600000, 0x00000000c6600000, 0x00000000c6700000|  0%| F|  |TAMS 0x00000000c6600000, 0x00000000c6600000| Untracked 
|  45|0x00000000c6700000, 0x00000000c6700000, 0x00000000c6800000|  0%| F|  |TAMS 0x00000000c6700000, 0x00000000c6700000| Untracked 
|  46|0x00000000c6800000, 0x00000000c6800000, 0x00000000c6900000|  0%| F|  |TAMS 0x00000000c6800000, 0x00000000c6800000| Untracked 
|  47|0x00000000c6900000, 0x00000000c6900000, 0x00000000c6a00000|  0%| F|  |TAMS 0x00000000c6900000, 0x00000000c6900000| Untracked 
|  48|0x00000000c6a00000, 0x00000000c6a00000, 0x00000000c6b00000|  0%| F|  |TAMS 0x00000000c6a00000, 0x00000000c6a00000| Untracked 
|  49|0x00000000c6b00000, 0x00000000c6b00000, 0x00000000c6c00000|  0%| F|  |TAMS 0x00000000c6b00000, 0x00000000c6b00000| Untracked 
|  50|0x00000000c6c00000, 0x00000000c6c00000, 0x00000000c6d00000|  0%| F|  |TAMS 0x00000000c6c00000, 0x00000000c6c00000| Untracked 
|  51|0x00000000c6d00000, 0x00000000c6d00000, 0x00000000c6e00000|  0%| F|  |TAMS 0x00000000c6d00000, 0x00000000c6d00000| Untracked 
|  52|0x00000000c6e00000, 0x00000000c6e00000, 0x00000000c6f00000|  0%| F|  |TAMS 0x00000000c6e00000, 0x00000000c6e00000| Untracked 
|  53|0x00000000c6f00000, 0x00000000c6f00000, 0x00000000c7000000|  0%| F|  |TAMS 0x00000000c6f00000, 0x00000000c6f00000| Untracked 
|  54|0x00000000c7000000, 0x00000000c7059538, 0x00000000c7100000| 34%| E|  |TAMS 0x00000000c7000000, 0x00000000c7000000| Complete 
|  55|0x00000000c7100000, 0x00000000c7200000, 0x00000000c7200000|100%| E|CS|TAMS 0x00000000c7100000, 0x00000000c7100000| Complete 
|  56|0x00000000c7200000, 0x00000000c7300000, 0x00000000c7300000|100%| E|  |TAMS 0x00000000c7200000, 0x00000000c7200000| Complete 
|  57|0x00000000c7300000, 0x00000000c7400000, 0x00000000c7400000|100%| E|CS|TAMS 0x00000000c7300000, 0x00000000c7300000| Complete 
|  58|0x00000000c7400000, 0x00000000c7500000, 0x00000000c7500000|100%| E|CS|TAMS 0x00000000c7400000, 0x00000000c7400000| Complete 
|  59|0x00000000c7500000, 0x00000000c7600000, 0x00000000c7600000|100%| E|CS|TAMS 0x00000000c7500000, 0x00000000c7500000| Complete 
|  60|0x00000000c7600000, 0x00000000c7700000, 0x00000000c7700000|100%| E|CS|TAMS 0x00000000c7600000, 0x00000000c7600000| Complete 
|  61|0x00000000c7700000, 0x00000000c7800000, 0x00000000c7800000|100%| E|CS|TAMS 0x00000000c7700000, 0x00000000c7700000| Complete 
|  62|0x00000000c7800000, 0x00000000c7900000, 0x00000000c7900000|100%| E|CS|TAMS 0x00000000c7800000, 0x00000000c7800000| Complete 
|  63|0x00000000c7900000, 0x00000000c7a00000, 0x00000000c7a00000|100%| E|CS|TAMS 0x00000000c7900000, 0x00000000c7900000| Complete 
|  64|0x00000000c7a00000, 0x00000000c7b00000, 0x00000000c7b00000|100%| E|CS|TAMS 0x00000000c7a00000, 0x00000000c7a00000| Complete 
|  65|0x00000000c7b00000, 0x00000000c7c00000, 0x00000000c7c00000|100%| E|CS|TAMS 0x00000000c7b00000, 0x00000000c7b00000| Complete 
|  66|0x00000000c7c00000, 0x00000000c7d00000, 0x00000000c7d00000|100%| E|CS|TAMS 0x00000000c7c00000, 0x00000000c7c00000| Complete 
|  67|0x00000000c7d00000, 0x00000000c7e00000, 0x00000000c7e00000|100%| E|CS|TAMS 0x00000000c7d00000, 0x00000000c7d00000| Complete 
|  68|0x00000000c7e00000, 0x00000000c7f00000, 0x00000000c7f00000|100%| E|CS|TAMS 0x00000000c7e00000, 0x00000000c7e00000| Complete 
|  69|0x00000000c7f00000, 0x00000000c8000000, 0x00000000c8000000|100%| E|CS|TAMS 0x00000000c7f00000, 0x00000000c7f00000| Complete 
|  70|0x00000000c8000000, 0x00000000c8100000, 0x00000000c8100000|100%| E|CS|TAMS 0x00000000c8000000, 0x00000000c8000000| Complete 
|  71|0x00000000c8100000, 0x00000000c8200000, 0x00000000c8200000|100%| E|CS|TAMS 0x00000000c8100000, 0x00000000c8100000| Complete 
|  72|0x00000000c8200000, 0x00000000c8300000, 0x00000000c8300000|100%| E|CS|TAMS 0x00000000c8200000, 0x00000000c8200000| Complete 
|  73|0x00000000c8300000, 0x00000000c8400000, 0x00000000c8400000|100%| E|CS|TAMS 0x00000000c8300000, 0x00000000c8300000| Complete 
|  74|0x00000000c8400000, 0x00000000c8423160, 0x00000000c8500000| 13%| S|CS|TAMS 0x00000000c8400000, 0x00000000c8400000| Complete 
|  75|0x00000000c8500000, 0x00000000c8600000, 0x00000000c8600000|100%| E|CS|TAMS 0x00000000c8500000, 0x00000000c8500000| Complete 
|  76|0x00000000c8600000, 0x00000000c8700000, 0x00000000c8700000|100%| E|CS|TAMS 0x00000000c8600000, 0x00000000c8600000| Complete 

Card table byte_map: [0x000001a9713c0000,0x000001a9715b0000] _byte_map_base: 0x000001a970da3000

Marking Bits (Prev, Next): (CMBitMap*) 0x000001a969737350, (CMBitMap*) 0x000001a969737310
 Prev Bits: [0x000001a9726c0000, 0x000001a9735d8000)
 Next Bits: [0x000001a9717a0000, 0x000001a9726b8000)

Polling page: 0x000001a967650000

Metaspace:

Usage:
  Non-class:     69.08 MB used.
      Class:     10.88 MB used.
       Both:     79.95 MB used.

Virtual space:
  Non-class space:       72.00 MB reserved,      69.56 MB ( 97%) committed,  9 nodes.
      Class space:        1.00 GB reserved,      11.19 MB (  1%) committed,  1 nodes.
             Both:        1.07 GB reserved,      80.75 MB (  7%) committed. 

Chunk freelists:
   Non-Class:  2.19 MB
       Class:  974.00 KB
        Both:  3.14 MB

MaxMetaspaceSize: unlimited
CompressedClassSpaceSize: 1.00 GB
Initial GC threshold: 21.00 MB
Current GC threshold: 134.19 MB
CDS: on
MetaspaceReclaimPolicy: balanced
 - commit_granule_bytes: 65536.
 - commit_granule_words: 8192.
 - virtual_space_node_default_size: 1048576.
 - enlarge_chunks_in_place: 1.
 - new_chunks_are_fully_committed: 0.
 - uncommit_free_chunks: 1.
 - use_allocation_guard: 0.
 - handle_deallocations: 1.


Internal statistics:

num_allocs_failed_limit: 6.
num_arena_births: 940.
num_arena_deaths: 320.
num_vsnodes_births: 10.
num_vsnodes_deaths: 0.
num_space_committed: 1290.
num_space_uncommitted: 0.
num_chunks_returned_to_freelist: 361.
num_chunks_taken_from_freelist: 3939.
num_chunk_merges: 126.
num_chunk_splits: 2807.
num_chunks_enlarged: 2186.
num_purges: 6.
num_inconsistent_stats: 0.

CodeHeap 'non-profiled nmethods': size=120000Kb used=4938Kb max_used=4938Kb free=115061Kb
 bounds [0x000001a907ad0000, 0x000001a907fb0000, 0x000001a90f000000]
CodeHeap 'profiled nmethods': size=120000Kb used=14552Kb max_used=14552Kb free=105447Kb
 bounds [0x000001a9005a0000, 0x000001a9013e0000, 0x000001a907ad0000]
CodeHeap 'non-nmethods': size=5760Kb used=1399Kb max_used=1443Kb free=4360Kb
 bounds [0x000001a900000000, 0x000001a900270000, 0x000001a9005a0000]
 total_blobs=8575 nmethods=7848 adapters=637
 compilation: enabled
              stopped_count=0, restarted_count=0
 full_count=0

Compilation events (20 events):
Event: 28417.360 Thread 0x000001a975abfdf0 nmethod 8866 0x000001a907fa2390 code [0x000001a907fa2520, 0x000001a907fa25f8]
Event: 28417.374 Thread 0x000001a975abfdf0 8869       3       com.mysql.cj.protocol.ReadAheadInputStream::checkClosed (18 bytes)
Event: 28417.383 Thread 0x000001a975abfdf0 nmethod 8869 0x000001a9013d2f90 code [0x000001a9013d3140, 0x000001a9013d3348]
Event: 28418.949 Thread 0x000001a975abfdf0 8870       3       java.lang.StringBuffer::<init> (7 bytes)
Event: 28418.950 Thread 0x000001a975abfdf0 nmethod 8870 0x000001a9013d3410 code [0x000001a9013d35a0, 0x000001a9013d36e8]
Event: 28418.978 Thread 0x000001a975abfdf0 8871       3       java.util.ResourceBundle::getString (9 bytes)
Event: 28418.980 Thread 0x000001a975abfdf0 nmethod 8871 0x000001a9013d3790 code [0x000001a9013d3940, 0x000001a9013d3b68]
Event: 28418.984 Thread 0x000001a975abfdf0 8872       3       java.util.PropertyResourceBundle::handleGetObject (23 bytes)
Event: 28418.985 Thread 0x000001a975abfdf0 nmethod 8872 0x000001a9013d3c10 code [0x000001a9013d3dc0, 0x000001a9013d4098]
Event: 28418.985 Thread 0x000001a975abfdf0 8873   !   3       com.mysql.cj.Messages::getString (99 bytes)
Event: 28418.995 Thread 0x000001a975abfdf0 nmethod 8873 0x000001a9013d4190 code [0x000001a9013d44c0, 0x000001a9013d5418]
Event: 28418.995 Thread 0x000001a975abfdf0 8876       3       java.util.HashMap::get (19 bytes)
Event: 28418.997 Thread 0x000001a975abfdf0 nmethod 8876 0x000001a9013d5a90 code [0x000001a9013d5c40, 0x000001a9013d5e08]
Event: 28418.997 Thread 0x000001a975abfdf0 8874       3       com.mysql.cj.Messages::getString (8 bytes)
Event: 28418.997 Thread 0x000001a975abfdf0 nmethod 8874 0x000001a9013d5f10 code [0x000001a9013d60a0, 0x000001a9013d61c8]
Event: 28418.997 Thread 0x000001a975abfdf0 8877       3       java.text.MessageFormat::<init> (56 bytes)
Event: 28419.001 Thread 0x000001a975abfdf0 nmethod 8877 0x000001a9013d6290 code [0x000001a9013d6480, 0x000001a9013d6a98]
Event: 28419.001 Thread 0x000001a975abfdf0 8875       3       java.text.Format::format (24 bytes)
Event: 28419.005 Thread 0x000001a975abfdf0 nmethod 8875 0x000001a9013d6c10 code [0x000001a9013d6de0, 0x000001a9013d7228]
Event: 28419.030 Thread 0x000001a975a6d190 8878 %     4       java.text.MessageFormat::applyPattern @ 34 (422 bytes)

GC Heap History (20 events):
Event: 1717.465 GC heap before
{Heap before GC invocations=43 (full 0):
 garbage-first heap   total 65536K, used 34235K [0x00000000c3a00000, 0x0000000100000000)
  region size 1024K, 3 young (3072K), 1 survivors (1024K)
 Metaspace       used 81347K, committed 82304K, reserved 1122304K
  class space    used 11117K, committed 11456K, reserved 1048576K
}
Event: 1717.498 GC heap after
{Heap after GC invocations=44 (full 0):
 garbage-first heap   total 65536K, used 31820K [0x00000000c3a00000, 0x0000000100000000)
  region size 1024K, 1 young (1024K), 1 survivors (1024K)
 Metaspace       used 81347K, committed 82304K, reserved 1122304K
  class space    used 11117K, committed 11456K, reserved 1048576K
}
Event: 2090.938 GC heap before
{Heap before GC invocations=44 (full 0):
 garbage-first heap   total 65536K, used 55372K [0x00000000c3a00000, 0x0000000100000000)
  region size 1024K, 24 young (24576K), 1 survivors (1024K)
 Metaspace       used 81368K, committed 82304K, reserved 1122304K
  class space    used 11117K, committed 11456K, reserved 1048576K
}
Event: 2091.044 GC heap after
{Heap after GC invocations=45 (full 0):
 garbage-first heap   total 65536K, used 32003K [0x00000000c3a00000, 0x0000000100000000)
  region size 1024K, 1 young (1024K), 1 survivors (1024K)
 Metaspace       used 81368K, committed 82304K, reserved 1122304K
  class space    used 11117K, committed 11456K, reserved 1048576K
}
Event: 2537.578 GC heap before
{Heap before GC invocations=46 (full 0):
 garbage-first heap   total 65536K, used 55555K [0x00000000c3a00000, 0x0000000100000000)
  region size 1024K, 24 young (24576K), 1 survivors (1024K)
 Metaspace       used 81387K, committed 82304K, reserved 1122304K
  class space    used 11117K, committed 11456K, reserved 1048576K
}
Event: 2537.666 GC heap after
{Heap after GC invocations=47 (full 0):
 garbage-first heap   total 65536K, used 32005K [0x00000000c3a00000, 0x0000000100000000)
  region size 1024K, 1 young (1024K), 1 survivors (1024K)
 Metaspace       used 81387K, committed 82304K, reserved 1122304K
  class space    used 11117K, committed 11456K, reserved 1048576K
}
Event: 2580.051 GC heap before
{Heap before GC invocations=47 (full 0):
 garbage-first heap   total 65536K, used 34053K [0x00000000c3a00000, 0x0000000100000000)
  region size 1024K, 3 young (3072K), 1 survivors (1024K)
 Metaspace       used 81398K, committed 82304K, reserved 1122304K
  class space    used 11117K, committed 11456K, reserved 1048576K
}
Event: 2581.237 GC heap after
{Heap after GC invocations=48 (full 0):
 garbage-first heap   total 65536K, used 31645K [0x00000000c3a00000, 0x0000000100000000)
  region size 1024K, 1 young (1024K), 1 survivors (1024K)
 Metaspace       used 81398K, committed 82304K, reserved 1122304K
  class space    used 11117K, committed 11456K, reserved 1048576K
}
Event: 2921.885 GC heap before
{Heap before GC invocations=48 (full 0):
 garbage-first heap   total 65536K, used 52125K [0x00000000c3a00000, 0x0000000100000000)
  region size 1024K, 21 young (21504K), 1 survivors (1024K)
 Metaspace       used 81437K, committed 82304K, reserved 1122304K
  class space    used 11117K, committed 11456K, reserved 1048576K
}
Event: 2921.953 GC heap after
{Heap after GC invocations=49 (full 0):
 garbage-first heap   total 65536K, used 31720K [0x00000000c3a00000, 0x0000000100000000)
  region size 1024K, 1 young (1024K), 1 survivors (1024K)
 Metaspace       used 81437K, committed 82304K, reserved 1122304K
  class space    used 11117K, committed 11456K, reserved 1048576K
}
Event: 3242.893 GC heap before
{Heap before GC invocations=50 (full 0):
 garbage-first heap   total 65536K, used 56296K [0x00000000c3a00000, 0x0000000100000000)
  region size 1024K, 25 young (25600K), 1 survivors (1024K)
 Metaspace       used 81484K, committed 82368K, reserved 1122304K
  class space    used 11117K, committed 11456K, reserved 1048576K
}
Event: 3242.950 GC heap after
{Heap after GC invocations=51 (full 0):
 garbage-first heap   total 78848K, used 31993K [0x00000000c3a00000, 0x0000000100000000)
  region size 1024K, 1 young (1024K), 1 survivors (1024K)
 Metaspace       used 81484K, committed 82368K, reserved 1122304K
  class space    used 11117K, committed 11456K, reserved 1048576K
}
Event: 3255.489 GC heap before
{Heap before GC invocations=51 (full 0):
 garbage-first heap   total 78848K, used 34041K [0x00000000c3a00000, 0x0000000100000000)
  region size 1024K, 3 young (3072K), 1 survivors (1024K)
 Metaspace       used 81486K, committed 82368K, reserved 1122304K
  class space    used 11117K, committed 11456K, reserved 1048576K
}
Event: 3255.524 GC heap after
{Heap after GC invocations=52 (full 0):
 garbage-first heap   total 78848K, used 31661K [0x00000000c3a00000, 0x0000000100000000)
  region size 1024K, 1 young (1024K), 1 survivors (1024K)
 Metaspace       used 81486K, committed 82368K, reserved 1122304K
  class space    used 11117K, committed 11456K, reserved 1048576K
}
Event: 27309.887 GC heap before
{Heap before GC invocations=52 (full 0):
 garbage-first heap   total 78848K, used 67501K [0x00000000c3a00000, 0x0000000100000000)
  region size 1024K, 36 young (36864K), 1 survivors (1024K)
 Metaspace       used 81638K, committed 82432K, reserved 1122304K
  class space    used 11138K, committed 11456K, reserved 1048576K
}
Event: 27310.107 GC heap after
{Heap after GC invocations=53 (full 0):
 garbage-first heap   total 78848K, used 32134K [0x00000000c3a00000, 0x0000000100000000)
  region size 1024K, 2 young (2048K), 2 survivors (2048K)
 Metaspace       used 81638K, committed 82432K, reserved 1122304K
  class space    used 11138K, committed 11456K, reserved 1048576K
}
Event: 28009.738 GC heap before
{Heap before GC invocations=54 (full 0):
 garbage-first heap   total 78848K, used 66950K [0x00000000c3a00000, 0x0000000100000000)
  region size 1024K, 36 young (36864K), 2 survivors (2048K)
 Metaspace       used 81644K, committed 82432K, reserved 1122304K
  class space    used 11137K, committed 11456K, reserved 1048576K
}
Event: 28009.883 GC heap after
{Heap after GC invocations=55 (full 0):
 garbage-first heap   total 78848K, used 31945K [0x00000000c3a00000, 0x0000000100000000)
  region size 1024K, 1 young (1024K), 1 survivors (1024K)
 Metaspace       used 81644K, committed 82432K, reserved 1122304K
  class space    used 11137K, committed 11456K, reserved 1048576K
}
Event: 28049.031 GC heap before
{Heap before GC invocations=55 (full 0):
 garbage-first heap   total 78848K, used 33993K [0x00000000c3a00000, 0x0000000100000000)
  region size 1024K, 3 young (3072K), 1 survivors (1024K)
 Metaspace       used 81644K, committed 82432K, reserved 1122304K
  class space    used 11137K, committed 11456K, reserved 1048576K
}
Event: 28049.152 GC heap after
{Heap after GC invocations=56 (full 0):
 garbage-first heap   total 78848K, used 31636K [0x00000000c3a00000, 0x0000000100000000)
  region size 1024K, 1 young (1024K), 1 survivors (1024K)
 Metaspace       used 81644K, committed 82432K, reserved 1122304K
  class space    used 11137K, committed 11456K, reserved 1048576K
}

Deoptimization events (20 events):
Event: 28410.323 Thread 0x000001a977ba1d10 DEOPT PACKING pc=0x000001a907e7ad88 sp=0x00000053368fee00
Event: 28410.323 Thread 0x000001a977ba1d10 DEOPT UNPACKING pc=0x000001a900055c23 sp=0x00000053368fedd8 mode 2
Event: 28413.075 Thread 0x000001a977ba1d10 Uncommon trap: trap_request=0xffffff45 fr.pc=0x000001a907e72284 relative=0x00000000000006a4
Event: 28413.075 Thread 0x000001a977ba1d10 Uncommon trap: reason=unstable_if action=reinterpret pc=0x000001a907e72284 method=java.io.File.normalizedList()[Ljava/lang/String; @ 34 c2
Event: 28413.075 Thread 0x000001a977ba1d10 DEOPT PACKING pc=0x000001a907e72284 sp=0x00000053368fecd0
Event: 28413.089 Thread 0x000001a977ba1d10 DEOPT UNPACKING pc=0x000001a900055c23 sp=0x00000053368fec28 mode 2
Event: 28413.975 Thread 0x000001a977ba1d10 Uncommon trap: trap_request=0xffffffc6 fr.pc=0x000001a907e7ad88 relative=0x0000000000000fa8
Event: 28413.975 Thread 0x000001a977ba1d10 Uncommon trap: reason=bimorphic_or_optimized_type_check action=maybe_recompile pc=0x000001a907e7ad88 method=java.util.AbstractCollection.containsAll(Ljava/util/Collection;)Z @ 25 c2
Event: 28413.975 Thread 0x000001a977ba1d10 DEOPT PACKING pc=0x000001a907e7ad88 sp=0x00000053368fee00
Event: 28413.975 Thread 0x000001a977ba1d10 DEOPT UNPACKING pc=0x000001a900055c23 sp=0x00000053368fedd8 mode 2
Event: 28414.448 Thread 0x000001a977ba1d10 Uncommon trap: trap_request=0xffffffc6 fr.pc=0x000001a907e7ad88 relative=0x0000000000000fa8
Event: 28414.448 Thread 0x000001a977ba1d10 Uncommon trap: reason=bimorphic_or_optimized_type_check action=maybe_recompile pc=0x000001a907e7ad88 method=java.util.AbstractCollection.containsAll(Ljava/util/Collection;)Z @ 25 c2
Event: 28414.449 Thread 0x000001a977ba1d10 DEOPT PACKING pc=0x000001a907e7ad88 sp=0x00000053368fee00
Event: 28414.449 Thread 0x000001a977ba1d10 DEOPT UNPACKING pc=0x000001a900055c23 sp=0x00000053368fedd8 mode 2
Event: 28418.959 Thread 0x000001a977cf37c0 Uncommon trap: trap_request=0xffffff45 fr.pc=0x000001a907b4eb44 relative=0x0000000000000304
Event: 28418.959 Thread 0x000001a977cf37c0 Uncommon trap: reason=unstable_if action=reinterpret pc=0x000001a907b4eb44 method=java.util.HashMap.getNode(Ljava/lang/Object;)Ljava/util/HashMap$Node; @ 66 c2
Event: 28418.959 Thread 0x000001a977cf37c0 DEOPT PACKING pc=0x000001a907b4eb44 sp=0x00000053342fdfd0
Event: 28418.959 Thread 0x000001a977cf37c0 DEOPT UNPACKING pc=0x000001a900055c23 sp=0x00000053342fdef0 mode 2
Event: 28419.168 Thread 0x000001a977cf37c0 DEOPT PACKING pc=0x000001a901385756 sp=0x00000053342fea40
Event: 28419.169 Thread 0x000001a977cf37c0 DEOPT UNPACKING pc=0x000001a900056763 sp=0x00000053342fdec8 mode 0

Classes unloaded (20 events):
Event: 1411.634 Thread 0x000001a9697be300 Unloading class 0x0000000800c91000 'java/lang/invoke/LambdaForm$MH+0x0000000800c91000'
Event: 1411.634 Thread 0x000001a9697be300 Unloading class 0x0000000800c90c00 'java/lang/invoke/LambdaForm$MH+0x0000000800c90c00'
Event: 1411.634 Thread 0x000001a9697be300 Unloading class 0x0000000800c90800 'java/lang/invoke/LambdaForm$MH+0x0000000800c90800'
Event: 1411.634 Thread 0x000001a9697be300 Unloading class 0x0000000800c90400 'java/lang/invoke/LambdaForm$MH+0x0000000800c90400'
Event: 1411.634 Thread 0x000001a9697be300 Unloading class 0x0000000800c90000 'java/lang/invoke/LambdaForm$MH+0x0000000800c90000'
Event: 1411.634 Thread 0x000001a9697be300 Unloading class 0x0000000800c19000 'java/lang/invoke/LambdaForm$MH+0x0000000800c19000'
Event: 1411.634 Thread 0x000001a9697be300 Unloading class 0x0000000800c18c00 'java/lang/invoke/LambdaForm$MH+0x0000000800c18c00'
Event: 1411.634 Thread 0x000001a9697be300 Unloading class 0x0000000800c18400 'java/lang/invoke/LambdaForm$MH+0x0000000800c18400'
Event: 1411.634 Thread 0x000001a9697be300 Unloading class 0x0000000800c18000 'java/lang/invoke/LambdaForm$MH+0x0000000800c18000'
Event: 1411.635 Thread 0x000001a9697be300 Unloading class 0x0000000800c17000 'java/lang/invoke/LambdaForm$MH+0x0000000800c17000'
Event: 1411.635 Thread 0x000001a9697be300 Unloading class 0x0000000800c16800 'java/lang/invoke/LambdaForm$MH+0x0000000800c16800'
Event: 1411.635 Thread 0x000001a9697be300 Unloading class 0x0000000800c16400 'java/lang/invoke/LambdaForm$MH+0x0000000800c16400'
Event: 1411.635 Thread 0x000001a9697be300 Unloading class 0x0000000800c16000 'java/lang/invoke/LambdaForm$MH+0x0000000800c16000'
Event: 1411.635 Thread 0x000001a9697be300 Unloading class 0x0000000800c15c00 'java/lang/invoke/LambdaForm$MH+0x0000000800c15c00'
Event: 1411.635 Thread 0x000001a9697be300 Unloading class 0x0000000800c15800 'java/lang/invoke/LambdaForm$MH+0x0000000800c15800'
Event: 1411.635 Thread 0x000001a9697be300 Unloading class 0x0000000800c15000 'java/lang/invoke/LambdaForm$MH+0x0000000800c15000'
Event: 1411.635 Thread 0x000001a9697be300 Unloading class 0x0000000800c14800 'java/lang/invoke/LambdaForm$MH+0x0000000800c14800'
Event: 27311.649 Thread 0x000001a9697be300 Unloading class 0x0000000801535000 'jdk/internal/reflect/GeneratedConstructorAccessor50'
Event: 27311.650 Thread 0x000001a9697be300 Unloading class 0x0000000801564400 'jdk/internal/reflect/GeneratedConstructorAccessor49'
Event: 27311.650 Thread 0x000001a9697be300 Unloading class 0x00000008015dd000 'jdk/internal/reflect/GeneratedConstructorAccessor41'

Classes redefined (0 events):
No events

Internal exceptions (20 events):
Event: 21343.410 Thread 0x000001a977cf3c90 Exception <a 'java/io/IOException'{0x00000000c7f11158}> (0x00000000c7f11158) 
thrown [s\src\hotspot\share\prims\jni.cpp, line 516]
Event: 21343.454 Thread 0x000001a977cf3c90 Exception <a 'java/io/IOException'{0x00000000c7f20f80}> (0x00000000c7f20f80) 
thrown [s\src\hotspot\share\prims\jni.cpp, line 516]
Event: 21343.454 Thread 0x000001a977cf3c90 Exception <a 'java/io/IOException'{0x00000000c7f21ac0}> (0x00000000c7f21ac0) 
thrown [s\src\hotspot\share\prims\jni.cpp, line 516]
Event: 21343.524 Thread 0x000001a977cf3c90 Exception <a 'java/io/IOException'{0x00000000c7f245e0}> (0x00000000c7f245e0) 
thrown [s\src\hotspot\share\prims\jni.cpp, line 516]
Event: 21343.549 Thread 0x000001a977cf3c90 Exception <a 'java/io/IOException'{0x00000000c7f3ed70}> (0x00000000c7f3ed70) 
thrown [s\src\hotspot\share\prims\jni.cpp, line 516]
Event: 21343.579 Thread 0x000001a977cf3c90 Exception <a 'java/net/SocketException'{0x00000000c7f41d68}: Connection reset by peer: shutdown> (0x00000000c7f41d68) 
thrown [s\src\hotspot\share\prims\jni.cpp, line 535]
Event: 27017.945 Thread 0x000001a977cf5970 Exception <a 'java/io/IOException'{0x00000000c7e05e00}> (0x00000000c7e05e00) 
thrown [s\src\hotspot\share\prims\jni.cpp, line 516]
Event: 27018.437 Thread 0x000001a977cf5970 Exception <a 'java/io/IOException'{0x00000000c7e07dc0}> (0x00000000c7e07dc0) 
thrown [s\src\hotspot\share\prims\jni.cpp, line 516]
Event: 27018.609 Thread 0x000001a977cf5970 Implicit null exception at 0x000001a907cf8edf to 0x000001a907cfebac
Event: 27020.066 Thread 0x000001a977ba2b80 Implicit null exception at 0x000001a907f89295 to 0x000001a907f89528
Event: 27020.119 Thread 0x000001a977ba2b80 Implicit null exception at 0x000001a907f89295 to 0x000001a907f89528
Event: 27020.212 Thread 0x000001a977ba2b80 Implicit null exception at 0x000001a907f89295 to 0x000001a907f89528
Event: 27020.231 Thread 0x000001a977ba2b80 Implicit null exception at 0x000001a907f89295 to 0x000001a907f89528
Event: 27020.770 Thread 0x000001a977cf5970 Implicit null exception at 0x000001a907c498ef to 0x000001a907c49c64
Event: 27020.841 Thread 0x000001a977cf5970 Implicit null exception at 0x000001a907ce7fb8 to 0x000001a907ce8644
Event: 28404.406 Thread 0x000001a977cf54a0 Exception <a 'java/io/IOException'{0x00000000c7301d60}> (0x00000000c7301d60) 
thrown [s\src\hotspot\share\prims\jni.cpp, line 516]
Event: 28404.424 Thread 0x000001a977cf54a0 Exception <a 'java/io/IOException'{0x00000000c73028a0}> (0x00000000c73028a0) 
thrown [s\src\hotspot\share\prims\jni.cpp, line 516]
Event: 28408.808 Thread 0x000001a977ba1d10 Implicit null exception at 0x000001a907e74054 to 0x000001a907e7727c
Event: 28412.883 Thread 0x000001a977ba1370 Exception <a 'java/lang/OutOfMemoryError'{0x00000000c7483878}: unable to create native thread: possibly out of memory or process/resource limits reached> (0x00000000c7483878) 
thrown [s\src\hotspot\share\prims\jvm.cpp, line 2923]
Event: 28413.075 Thread 0x000001a977ba1d10 Implicit null exception at 0x000001a907e71d81 to 0x000001a907e72274

VM Operations (20 events):
Event: 27406.179 Executing VM operation: Cleanup
Event: 27406.192 Executing VM operation: Cleanup done
Event: 27416.281 Executing VM operation: Cleanup
Event: 27416.282 Executing VM operation: Cleanup done
Event: 27526.304 Executing VM operation: Cleanup
Event: 27526.309 Executing VM operation: Cleanup done
Event: 27537.417 Executing VM operation: Cleanup
Event: 27537.422 Executing VM operation: Cleanup done
Event: 27613.038 Executing VM operation: Cleanup
Event: 27613.131 Executing VM operation: Cleanup done
Event: 28009.722 Executing VM operation: G1CollectForAllocation
Event: 28009.884 Executing VM operation: G1CollectForAllocation done
Event: 28028.027 Executing VM operation: Cleanup
Event: 28028.028 Executing VM operation: Cleanup done
Event: 28049.030 Executing VM operation: G1CollectForAllocation
Event: 28049.152 Executing VM operation: G1CollectForAllocation done
Event: 28403.859 Executing VM operation: Cleanup
Event: 28404.256 Executing VM operation: Cleanup done
Event: 28411.309 Executing VM operation: Cleanup
Event: 28411.312 Executing VM operation: Cleanup done

Events (20 events):
Event: 3327.534 Thread 0x000001a977cf37c0 Thread exited: 0x000001a977cf37c0
Event: 21342.970 Thread 0x000001a977cf3c90 Thread added: 0x000001a977cf3c90
Event: 21343.397 Thread 0x000001a977cf5970 Thread added: 0x000001a977cf5970
Event: 27017.166 Thread 0x000001a977cf3c90 Thread exited: 0x000001a977cf3c90
Event: 27017.985 loading class javax/crypto/AEADBadTagException
Event: 27018.102 loading class javax/crypto/AEADBadTagException done
Event: 27018.120 loading class javax/net/ssl/SSLHandshakeException
Event: 27018.166 loading class javax/net/ssl/SSLHandshakeException done
Event: 27018.235 loading class java/util/concurrent/ConcurrentLinkedQueue$Itr
Event: 27018.381 loading class java/util/concurrent/ConcurrentLinkedQueue$Itr done
Event: 27020.509 loading class java/net/BindException
Event: 27020.526 loading class java/net/BindException done
Event: 27020.968 loading class java/text/FieldPosition$Delegate
Event: 27021.011 loading class java/text/FieldPosition$Delegate done
Event: 27031.370 Thread 0x000001a977cf5970 Thread exited: 0x000001a977cf5970
Event: 28404.143 Thread 0x000001a977cf54a0 Thread added: 0x000001a977cf54a0
Event: 28404.517 Thread 0x000001a977cf6310 Thread added: 0x000001a977cf6310
Event: 28409.528 Thread 0x000001a977cf54a0 Thread exited: 0x000001a977cf54a0
Event: 28410.510 Thread 0x000001a977cf6310 Thread exited: 0x000001a977cf6310
Event: 28417.317 Thread 0x000001a977cf37c0 Thread added: 0x000001a977cf37c0


Dynamic libraries:
0x00007ff720720000 - 0x00007ff72072e000 	C:\Users\giris\AppData\Local\Programs\Eclipse Adoptium\jdk-17.0.4.8-hotspot\bin\java.exe
0x00007ffb14fa0000 - 0x00007ffb15207000 	C:\WINDOWS\SYSTEM32\ntdll.dll
0x00007ffb134f0000 - 0x00007ffb135b9000 	C:\WINDOWS\System32\KERNEL32.DLL
0x00007ffb11ca0000 - 0x00007ffb12094000 	C:\WINDOWS\System32\KERNELBASE.dll
0x00007ffb11a90000 - 0x00007ffb11bdb000 	C:\WINDOWS\System32\ucrtbase.dll
0x00007ffafce00000 - 0x00007ffafce18000 	C:\Users\giris\AppData\Local\Programs\Eclipse Adoptium\jdk-17.0.4.8-hotspot\bin\jli.dll
0x00007ffb135c0000 - 0x00007ffb13785000 	C:\WINDOWS\System32\USER32.dll
0x00007ffb11be0000 - 0x00007ffb11c07000 	C:\WINDOWS\System32\win32u.dll
0x00007ffb13820000 - 0x00007ffb1384b000 	C:\WINDOWS\System32\GDI32.dll
0x00007ffb120a0000 - 0x00007ffb121cb000 	C:\WINDOWS\System32\gdi32full.dll
0x00007ffb12c80000 - 0x00007ffb12d23000 	C:\WINDOWS\System32\msvcp_win.dll
0x00007ffafcde0000 - 0x00007ffafcdf9000 	C:\Users\giris\AppData\Local\Programs\Eclipse Adoptium\jdk-17.0.4.8-hotspot\bin\VCRUNTIME140.dll
0x00007ffaff2b0000 - 0x00007ffaff543000 	C:\WINDOWS\WinSxS\amd64_microsoft.windows.common-controls_6595b64144ccf1df_6.0.26100.8115_none_3e075c82e3354f9c\COMCTL32.dll
0x00007ffb14eb0000 - 0x00007ffb14f59000 	C:\WINDOWS\System32\msvcrt.dll
0x00007ffb13d20000 - 0x00007ffb13d52000 	C:\WINDOWS\System32\IMM32.DLL
0x00007ffb03540000 - 0x00007ffb0354c000 	C:\Users\giris\AppData\Local\Programs\Eclipse Adoptium\jdk-17.0.4.8-hotspot\bin\vcruntime140_1.dll
0x00007ffac81c0000 - 0x00007ffac8251000 	C:\Users\giris\AppData\Local\Programs\Eclipse Adoptium\jdk-17.0.4.8-hotspot\bin\msvcp140.dll
0x00007ffa709c0000 - 0x00007ffa71606000 	C:\Users\giris\AppData\Local\Programs\Eclipse Adoptium\jdk-17.0.4.8-hotspot\bin\server\jvm.dll
0x00007ffb141b0000 - 0x00007ffb14266000 	C:\WINDOWS\System32\ADVAPI32.dll
0x00007ffb14100000 - 0x00007ffb141a7000 	C:\WINDOWS\System32\sechost.dll
0x00007ffb14280000 - 0x00007ffb14398000 	C:\WINDOWS\System32\RPCRT4.dll
0x00007ffb13b30000 - 0x00007ffb13b38000 	C:\WINDOWS\System32\PSAPI.DLL
0x00007ffb0ca50000 - 0x00007ffb0ca5a000 	C:\WINDOWS\SYSTEM32\WSOCK32.dll
0x00007ffb13ed0000 - 0x00007ffb13f50000 	C:\WINDOWS\System32\WS2_32.dll
0x00007ffaf9970000 - 0x00007ffaf99a6000 	C:\WINDOWS\SYSTEM32\WINMM.dll
0x00007ffb032a0000 - 0x00007ffb032ab000 	C:\WINDOWS\SYSTEM32\VERSION.dll
0x00007ffb105e0000 - 0x00007ffb105fb000 	C:\WINDOWS\SYSTEM32\kernel.appcore.dll
0x00007ffafdbf0000 - 0x00007ffafdbfa000 	C:\Users\giris\AppData\Local\Programs\Eclipse Adoptium\jdk-17.0.4.8-hotspot\bin\jimage.dll
0x00007ffb0f9b0000 - 0x00007ffb0fbf2000 	C:\WINDOWS\SYSTEM32\DBGHELP.DLL
0x00007ffb14600000 - 0x00007ffb14982000 	C:\WINDOWS\System32\combase.dll
0x00007ffb13df0000 - 0x00007ffb13ec8000 	C:\WINDOWS\System32\OLEAUT32.dll
0x00007ffaf3620000 - 0x00007ffaf365b000 	C:\WINDOWS\SYSTEM32\dbgcore.DLL
0x00007ffb119e0000 - 0x00007ffb11a85000 	C:\WINDOWS\System32\bcryptPrimitives.dll
0x00007ffafce90000 - 0x00007ffafce9e000 	C:\Users\giris\AppData\Local\Programs\Eclipse Adoptium\jdk-17.0.4.8-hotspot\bin\instrument.dll
0x00007ffafcdb0000 - 0x00007ffafcdd5000 	C:\Users\giris\AppData\Local\Programs\Eclipse Adoptium\jdk-17.0.4.8-hotspot\bin\java.dll
0x00007ffac5d20000 - 0x00007ffac5df6000 	C:\Users\giris\AppData\Local\Programs\Eclipse Adoptium\jdk-17.0.4.8-hotspot\bin\jsvml.dll
0x00007ffb12d80000 - 0x00007ffb134e7000 	C:\WINDOWS\System32\SHELL32.dll
0x00007ffb11870000 - 0x00007ffb119da000 	C:\WINDOWS\System32\wintypes.dll
0x00007ffb12410000 - 0x00007ffb12c78000 	C:\WINDOWS\System32\windows.storage.dll
0x00007ffb13ba0000 - 0x00007ffb13c98000 	C:\WINDOWS\System32\SHCORE.dll
0x00007ffb137b0000 - 0x00007ffb13816000 	C:\WINDOWS\System32\shlwapi.dll
0x00007ffb11790000 - 0x00007ffb117b9000 	C:\WINDOWS\SYSTEM32\profapi.dll
0x00007ffafcd50000 - 0x00007ffafcd68000 	C:\Users\giris\AppData\Local\Programs\Eclipse Adoptium\jdk-17.0.4.8-hotspot\bin\zip.dll
0x00007ffafcd90000 - 0x00007ffafcda9000 	C:\Users\giris\AppData\Local\Programs\Eclipse Adoptium\jdk-17.0.4.8-hotspot\bin\net.dll
0x00007ffb04480000 - 0x00007ffb045ad000 	C:\WINDOWS\SYSTEM32\WINHTTP.dll
0x00007ffb10b70000 - 0x00007ffb10bdc000 	C:\WINDOWS\system32\mswsock.dll
0x00007ffafcd70000 - 0x00007ffafcd85000 	C:\Users\giris\AppData\Local\Programs\Eclipse Adoptium\jdk-17.0.4.8-hotspot\bin\nio.dll
0x00007ffafc420000 - 0x00007ffafc43a000 	C:\Users\giris\AppData\Local\Programs\IntelliJ IDEA Community Edition\bin\breakgen64.dll
0x00007ffafccc0000 - 0x00007ffafccc9000 	C:\Users\giris\AppData\Local\Programs\Eclipse Adoptium\jdk-17.0.4.8-hotspot\bin\management.dll
0x00007ffafc830000 - 0x00007ffafc83b000 	C:\Users\giris\AppData\Local\Programs\Eclipse Adoptium\jdk-17.0.4.8-hotspot\bin\management_ext.dll
0x00007ffafc1c0000 - 0x00007ffafc1ce000 	C:\Users\giris\AppData\Local\Programs\Eclipse Adoptium\jdk-17.0.4.8-hotspot\bin\sunmscapi.dll
0x00007ffb12290000 - 0x00007ffb12407000 	C:\WINDOWS\System32\CRYPT32.dll
0x00007ffb11070000 - 0x00007ffb110a0000 	C:\WINDOWS\SYSTEM32\ncrypt.dll
0x00007ffb11020000 - 0x00007ffb1105f000 	C:\WINDOWS\SYSTEM32\NTASN1.dll
0x00007ffb10e50000 - 0x00007ffb10e6b000 	C:\WINDOWS\SYSTEM32\CRYPTSP.dll
0x00007ffb10530000 - 0x00007ffb10569000 	C:\WINDOWS\system32\rsaenh.dll
0x00007ffb10c20000 - 0x00007ffb10c53000 	C:\WINDOWS\SYSTEM32\USERENV.dll
0x00007ffb11760000 - 0x00007ffb1178a000 	C:\WINDOWS\SYSTEM32\bcrypt.dll
0x00007ffb10e70000 - 0x00007ffb10e7c000 	C:\WINDOWS\SYSTEM32\CRYPTBASE.dll
0x00007ffb0fff0000 - 0x00007ffb10022000 	C:\WINDOWS\SYSTEM32\IPHLPAPI.DLL
0x00007ffb14e20000 - 0x00007ffb14e2a000 	C:\WINDOWS\System32\NSI.dll
0x00007ffb047f0000 - 0x00007ffb0480d000 	C:\WINDOWS\SYSTEM32\dhcpcsvc6.DLL
0x00007ffb04730000 - 0x00007ffb04755000 	C:\WINDOWS\SYSTEM32\dhcpcsvc.DLL
0x00007ffb100a0000 - 0x00007ffb101d2000 	C:\WINDOWS\SYSTEM32\DNSAPI.dll
0x00007ffb01960000 - 0x00007ffb0196b000 	C:\Windows\System32\rasadhlp.dll
0x00007ffb03b80000 - 0x00007ffb03c06000 	C:\WINDOWS\System32\fwpuclnt.dll
0x00007ffacbab0000 - 0x00007ffacbab8000 	C:\WINDOWS\system32\wshunix.dll

dbghelp: loaded successfully - version: 4.0.5 - missing functions: none
symbol engine: initialized successfully - sym options: 0x614 - pdb path: .;C:\Users\giris\AppData\Local\Programs\Eclipse Adoptium\jdk-17.0.4.8-hotspot\bin;C:\WINDOWS\SYSTEM32;C:\WINDOWS\WinSxS\amd64_microsoft.windows.common-controls_6595b64144ccf1df_6.0.26100.8115_none_3e075c82e3354f9c;C:\Users\giris\AppData\Local\Programs\Eclipse Adoptium\jdk-17.0.4.8-hotspot\bin\server;C:\Users\giris\AppData\Local\Programs\IntelliJ IDEA Community Edition\bin

VM Arguments:
jvm_args: -javaagent:C:\Users\giris\AppData\Local\Programs\IntelliJ IDEA Community Edition\lib\idea_rt.jar=61011:C:\Users\giris\AppData\Local\Programs\IntelliJ IDEA Community Edition\bin -Dfile.encoding=UTF-8 
java_command: com.tulika.eventbooking.EventBookingApplication
java_class_path (initial): C:\RANI\Training Sessionss\Capstone_SRSTicketbooking\backend\event-booking\target\classes;C:\Users\giris\.m2\repository\org\springframework\boot\spring-boot-starter-data-jpa\3.5.13\spring-boot-starter-data-jpa-3.5.13.jar;C:\Users\giris\.m2\repository\org\springframework\boot\spring-boot-starter\3.5.13\spring-boot-starter-3.5.13.jar;C:\Users\giris\.m2\repository\org\springframework\boot\spring-boot-starter-logging\3.5.13\spring-boot-starter-logging-3.5.13.jar;C:\Users\giris\.m2\repository\ch\qos\logback\logback-classic\1.5.32\logback-classic-1.5.32.jar;C:\Users\giris\.m2\repository\ch\qos\logback\logback-core\1.5.32\logback-core-1.5.32.jar;C:\Users\giris\.m2\repository\org\apache\logging\log4j\log4j-to-slf4j\2.24.3\log4j-to-slf4j-2.24.3.jar;C:\Users\giris\.m2\repository\org\apache\logging\log4j\log4j-api\2.24.3\log4j-api-2.24.3.jar;C:\Users\giris\.m2\repository\org\slf4j\jul-to-slf4j\2.0.17\jul-to-slf4j-2.0.17.jar;C:\Users\giris\.m2\repository\jakarta\annotation\jakarta.annotation-api\2.1.1\jakarta.annotation-api-2.1.1.jar;C:\Users\giris\.m2\repository\org\yaml\snakeyaml\2.4\snakeyaml-2.4.jar;C:\Users\giris\.m2\repository\org\springframework\boot\spring-boot-starter-jdbc\3.5.13\spring-boot-starter-jdbc-3.5.13.jar;C:\Users\giris\.m2\repository\com\zaxxer\HikariCP\6.3.3\HikariCP-6.3.3.jar;C:\Users\giris\.m2\repository\org\springframework\spring-jdbc\6.2.17\spring-jdbc-6.2.17.jar;C:\Users\giris\.m2\repository\org\hibernate\orm\hibernate-core\6.6.45.Final\hibernate-core-6.6.45.Final.jar;C:\Users\giris\.m2\repository\jakarta\persistence\jakarta.persistence-api\3.1.0\jakarta.persistence-api-3.1.0.jar;C:\Users\giris\.m2\repository\jakarta\transaction\jakarta.transaction-api\2.0.1\jakarta.transaction-api-2.0.1.jar;C:\Users\giris\.m2\repository\org\jboss\logging\jboss-logging\3.6.3.Final\jboss-logging-3.6.3.Final.jar;C:\Users\giris\.m2\repository\org\hibernate\common\hibernate-commons-annotations\7.0.3.Final\hibernate-commons-annotations-7.0.3.Fin
Launcher Type: SUN_STANDARD

[Global flags]
     intx CICompilerCount                          = 3                                         {product} {ergonomic}
     uint ConcGCThreads                            = 1                                         {product} {ergonomic}
     uint G1ConcRefinementThreads                  = 4                                         {product} {ergonomic}
   size_t G1HeapRegionSize                         = 1048576                                   {product} {ergonomic}
    uintx GCDrainStackTargetSize                   = 64                                        {product} {ergonomic}
   size_t InitialHeapSize                          = 65011712                                  {product} {ergonomic}
   size_t MarkStackSize                            = 4194304                                   {product} {ergonomic}
   size_t MaxHeapSize                              = 1012924416                                {product} {ergonomic}
   size_t MaxNewSize                               = 607125504                                 {product} {ergonomic}
   size_t MinHeapDeltaBytes                        = 1048576                                   {product} {ergonomic}
   size_t MinHeapSize                              = 8388608                                   {product} {ergonomic}
    uintx NonNMethodCodeHeapSize                   = 5832780                                {pd product} {ergonomic}
    uintx NonProfiledCodeHeapSize                  = 122912730                              {pd product} {ergonomic}
    uintx ProfiledCodeHeapSize                     = 122912730                              {pd product} {ergonomic}
    uintx ReservedCodeCacheSize                    = 251658240                              {pd product} {ergonomic}
     bool SegmentedCodeCache                       = true                                      {product} {ergonomic}
   size_t SoftMaxHeapSize                          = 1012924416                             {manageable} {ergonomic}
     bool UseCompressedClassPointers               = true                           {product lp64_product} {ergonomic}
     bool UseCompressedOops                        = true                           {product lp64_product} {ergonomic}
     bool UseG1GC                                  = true                                      {product} {ergonomic}
     bool UseLargePagesIndividualAllocation        = false                                  {pd product} {ergonomic}

Logging:
Log output configuration:
 #0: stdout all=warning uptime,level,tags
 #1: stderr all=off uptime,level,tags

Environment Variables:
JAVA_HOME=C:\Users\giris\AppData\Local\Programs\Eclipse Adoptium\jdk-17.0.4.8-hotspot\
PATH=C:\oraclexe\app\oracle\product\11.2.0\server\bin;C:\WINDOWS\system32;C:\WINDOWS;C:\WINDOWS\System32\Wbem;C:\WINDOWS\System32\WindowsPowerShell\v1.0\;C:\WINDOWS\System32\OpenSSH\;C:\Program Files\dotnet\;C:\MinGW\bin;C:\Program Files\Git\cmd;C:\Program Files\MySQL\MySQL Server 8.0\bin;C:\Program Files\Graphviz\bin;%NVM_HOME%;%NVM_SYMLINK%;C:\Program Files\nodejs\;C:\Users\giris\.console-ninja\.bin;C:\Program Files\MySQL\MySQL Shell 8.0\bin\;C:\Users\giris\AppData\Local\Programs\Python\Python311\Scripts\;C:\Users\giris\AppData\Local\Programs\Python\Python311\;C:\Users\giris\AppData\Local\Programs\Eclipse Adoptium\jdk-17.0.4.8-hotspot\bin;C:\Users\giris\AppData\Local\Microsoft\WindowsApps;C:\ProgramData\giris\GitHubDesktop\bin;C:\Users\giris\AppData\Local\JetBrains\Toolbox\scripts;C:\Users\giris\AppData\Local\Microsoft\WindowsApps;C:\Users\giris\AppData\Local\Programs\Microsoft VS Code\bin;C:\Users\giris\AppData\Local\nvm;C:\nvm4w\nodejs;C:\Users\giris\AppData\Roaming\npm;C:\Users\giris\AppData\Local\Programs\Antigravity\bin
USERNAME=giris
OS=Windows_NT
PROCESSOR_IDENTIFIER=Intel64 Family 6 Model 126 Stepping 5, GenuineIntel
TMP=C:\Users\giris\AppData\Local\Temp
TEMP=C:\Users\giris\AppData\Local\Temp



---------------  S Y S T E M  ---------------

OS:
 Windows 11 , 64 bit Build 26100 (10.0.26100.8246)
OS uptime: 0 days 14:40 hours
Hyper-V role detected

CPU: total 4 (initial active 4) (2 cores per cpu, 2 threads per core) family 6 model 126 stepping 5 microcode 0xc2, cx8, cmov, fxsr, ht, mmx, 3dnowpref, sse, sse2, sse3, ssse3, sse4.1, sse4.2, popcnt, lzcnt, tsc, tscinvbit, avx, avx2, aes, erms, clmul, bmi1, bmi2, adx, avx512f, avx512dq, avx512cd, avx512bw, avx512vl, sha, fma, vzeroupper, avx512_vpopcntdq, avx512_vpclmulqdq, avx512_vaes, avx512_vnni, clflush, clflushopt, avx512_vbmi2, avx512_vbmi, hv

Memory: 4k page, system-wide physical 3863M (196M free)
TotalPageFile size 15639M (AvailPageFile size 0M)
current process WorkingSet (physical memory assigned to process): 66M, peak: 233M
current process commit charge ("private bytes"): 294M, peak: 301M

vm_info: OpenJDK 64-Bit Server VM (17.0.4+8) for windows-amd64 JRE (17.0.4+8), built on Jul 19 2022 16:05:16 by "temurin" with MS VC++ 16.7 (VS2019)

END.
